0:	if y > x goto 2
1:	goto 4
2:	x = y
3:	maxtwo = x
4:	return
5:	param x
6:	param y
7:	t1 = call maxtwo, 2
8:	x = t1
9:	param x
10:	param z
11:	t2 = call maxtwo, 2
12:	x = t2
13:	maxthree = x
14:	return
15:	t3 = 0
16:	max = t3
17:	t4 = 'Enter first number'
18:	print t4
19:	read a
20:	t5 = 'Enter second number'
21:	print t5
22:	read b
23:	t6 = 'Enter third number'
24:	print t6
25:	read c
26:	param a
27:	param b
28:	param c
29:	t7 = call maxthree, 3
30:	max = t7
31:	t8 = 'Greatest of 3 numbers is : '
32:	print t8
33:	print max
34:	stop
